
 Start  Stop   Length Name                   Class
 00000H 0186CH 0186DH KRIT_TEXT              CODE
 0186DH 02563H 00CF7H KRITZN_TEXT            CODE
 02564H 04F45H 029E2H STAND_TEXT             CODE
 04F46H 051F7H 002B2H FUN_TEXT               CODE
 051F8H 056F5H 004FEH OSNKRIT_TEXT           CODE
 056F6H 05A09H 00314H PECHPAR_TEXT           CODE
 05A0AH 0BF05H 064FCH _TEXT                  CODE
 0BF10H 0C68FH 00780H EMULATOR_TEXT          CODE
 0C690H 0C690H 00000H C_ETEXT                ENDCODE
 0C690H 0C98DH 002FEH KRIT5_DATA             FAR_DATA
 0C990H 0CBDEH 0024FH KRITZN5_DATA           FAR_DATA
 0CBE0H 0CD9DH 001BEH STAND5_DATA            FAR_DATA
 0CDA0H 0CE44H 000A5H OSNKRIT5_DATA          FAR_DATA
 0CE50H 0CEE6H 00097H PECHPAR5_DATA          FAR_DATA
 0CEF0H 0D00FH 00120H EMULATOR_DATA          FAR_DATA
 0D010H 0D841H 00832H ERRDIC5_DATA           FAR_DATA
 0D850H 0D891H 00042H NULL                   BEGDATA
 0D892H 0F3C9H 01B38H _DATA                  DATA
 0F3CAH 0F3D7H 0000EH CDATA                  DATA
 0F3D8H 0F3D8H 00000H XIB                    DATA
 0F3D8H 0F3E3H 0000CH XI                     DATA
 0F3E4H 0F3E4H 00000H XIE                    DATA
 0F3E4H 0F3EFH 0000CH DBDATA                 DATA
 0F3F0H 0F3F0H 00000H XCB                    DATA
 0F3F0H 0F3F0H 00000H XC                     DATA
 0F3F0H 0F3F0H 00000H XCE                    DATA
 0F3F0H 0F3F0H 00000H XIFB                   DATA
 0F3F0H 0F3F0H 00000H XIF                    DATA
 0F3F0H 0F3F0H 00000H XIFE                   DATA
 0F3F0H 0F3F0H 00000H XPB                    DATA
 0F3F0H 0F3F0H 00000H XP                     DATA
 0F3F0H 0F3F0H 00000H XPE                    DATA
 0F3F0H 0F3F0H 00000H XCFB                   DATA
 0F3F0H 0F3F0H 00000H XCF                    DATA
 0F3F0H 0F3F0H 00000H XCFE                   DATA
 0F3F0H 0F5C1H 001D2H CONST                  CONST
 0F5C2H 0F5C9H 00008H HDR                    MSG
 0F5CAH 0F7CCH 00203H MSG                    MSG
 0F7CDH 0F7CEH 00002H PAD                    MSG
 0F7CFH 0F7CFH 00001H EPAD                   MSG
 0F7D0H 0F809H 0003AH _CALLTAB               CALLTAB
 0F80AH 0FFE9H 007E0H _BSS                   BSS
 0FFEAH 0FFEAH 00000H XOB                    BSS
 0FFEAH 10069H 00080H XO                     BSS
 1006AH 1006AH 00000H XOE                    BSS
 10070H 1086FH 00800H STACK                  STACK

 Origin   Group
 0D85:0   DGROUP

Program entry point at 05A0:4EB6

F:\KRIT\FUN.OBJ(fun.for) : error L2029 : 'XMP' : unresolved external

